// Jest Snapshot v1, https://goo.gl/fbAQLP

exports[`Android Index Test renders correctly 1`] = `
<View
  style={
    Object {
      "alignItems": "center",
      "backgroundColor": "#F5FCFF",
      "flex": 1,
      "justifyContent": "flex-start",
    }
  }
>
  <Text
    accessible={true}
    allowFontScaling={true}
    ellipsizeMode="tail"
    style={
      Object {
        "fontSize": 20,
        "margin": 10,
        "textAlign": "center",
      }
    }
  >
    Welcome to Tabitsunagi!
  </Text>
  <Text
    accessible={true}
    allowFontScaling={true}
    ellipsizeMode="tail"
    style={
      Object {
        "color": "#333333",
        "marginBottom": 5,
        "textAlign": "center",
      }
    }
  >
    To get started, enter your destination
  </Text>
  <View
    style={
      Object {
        "flexDirection": "row",
        "justifyContent": "center",
      }
    }
  >
    <View
      style={
        Object {
          "flex": 4,
        }
      }
    >
      <TextInput
        onChangeText={[Function]}
        placeholder="Taipei 101, Tokyo...."
        style={
          Object {
            "height": 40,
          }
        }
        value=""
      />
    </View>
    <View
      style={
        Object {
          "flex": 1,
          "height": 40,
        }
      }
    >
      <View
        accessibilityComponentType="button"
        accessibilityLabel={undefined}
        accessibilityTraits={
          Array [
            "button",
          ]
        }
        accessible={true}
        hitSlop={undefined}
        isTVSelectable={true}
        onLayout={undefined}
        onResponderGrant={[Function]}
        onResponderMove={[Function]}
        onResponderRelease={[Function]}
        onResponderTerminate={[Function]}
        onResponderTerminationRequest={[Function]}
        onStartShouldSetResponder={[Function]}
        style={
          Object {
            "opacity": 1,
          }
        }
        testID={undefined}
        tvParallaxProperties={undefined}
      >
        <View
          style={
            Array [
              Object {},
            ]
          }
        >
          <Text
            accessible={true}
            allowFontScaling={true}
            ellipsizeMode="tail"
            style={
              Array [
                Object {
                  "color": "#0C42FD",
                  "fontSize": 18,
                  "padding": 8,
                  "textAlign": "center",
                },
                Object {
                  "color": "#841584",
                },
              ]
            }
          >
            Search
          </Text>
        </View>
      </View>
    </View>
  </View>
  <View>
    <RCTScrollView
      dataSource={
        ListViewDataSource {
          "items": 0,
        }
      }
      renderRow={[Function]}
      renderScrollComponent={[Function]}
    >
      <View />
    </RCTScrollView>
  </View>
</View>
`;
